
> @labflow/web@0.0.1 build /home/nahisaho/GitHub/LabFlow/packages/web
> next build

 ⚠ Warning: Next.js inferred your workspace root, but it may not be correct.
 We detected multiple lockfiles and selected the directory of /home/nahisaho/package-lock.json as the root directory.
 To silence this warning, set `outputFileTracingRoot` in your Next.js config, or consider removing one of the lockfiles if it's not needed.
   See https://nextjs.org/docs/app/api-reference/config/next-config-js/output#caveats for more information.
 Detected additional lockfiles: 
   * /home/nahisaho/GitHub/LabFlow/pnpm-lock.yaml

   ▲ Next.js 15.5.9
   - Experiments (use with caution):
     · serverActions

   Creating an optimized production build ...
 ✓ Compiled successfully in 1319ms
   Linting and checking validity of types ...
   Collecting page data ...
   Generating static pages (0/4) ...
   Generating static pages (1/4) 
   Generating static pages (2/4) 
   Generating static pages (3/4) 
 ✓ Generating static pages (4/4)
   Finalizing page optimization ...
   Collecting build traces ...

Route (app)                                 Size  First Load JS
┌ ○ /                                    3.44 kB         105 kB
└ ○ /_not-found                            989 B         103 kB
+ First Load JS shared by all             102 kB
  ├ chunks/647-1f236a3efec5e963.js       45.9 kB
  ├ chunks/9220d00e-80b08a77a904219b.js  54.2 kB
  └ other shared chunks (total)           1.9 kB


○  (Static)  prerendered as static content

