
> @labflow/core@0.0.1 build /home/nahisaho/GitHub/LabFlow/packages/core
> tsup

CLI Building entry: {"index":"src/index.ts","auth/index":"src/auth/index.ts","workflow/index":"src/workflow/index.ts","plugin/index":"src/plugin/index.ts","knowledge/index":"src/knowledge/index.ts","db/index":"src/db/index.ts"}
CLI Using tsconfig: tsconfig.json
CLI tsup v8.5.1
CLI Using tsup config: /home/nahisaho/GitHub/LabFlow/packages/core/tsup.config.ts
CLI Target: es2022
CLI Cleaning output folder
ESM Build start
DTS Build start
ESM dist/plugin/index.js        7.57 KB
ESM dist/auth/index.js          20.59 KB
ESM dist/knowledge/index.js     68.90 KB
ESM dist/workflow/index.js      36.36 KB
ESM dist/db/index.js            25.19 KB
ESM dist/index.js               308.11 KB
ESM dist/plugin/index.js.map    17.53 KB
ESM dist/auth/index.js.map      48.09 KB
ESM dist/knowledge/index.js.map 169.93 KB
ESM dist/workflow/index.js.map  87.54 KB
ESM dist/db/index.js.map        60.64 KB
ESM dist/index.js.map           666.44 KB
ESM ⚡️ Build success in 647ms
